----- 🌅 Wed Nov 12 14:45:16 IST 2025: Starting Eternal Aikya Autopilot -----
From https://github.com/manender-coder/aikya-autopilot-upload
 * branch              main       -> FETCH_HEAD
Already up to date.
[main 7ac242a7] ♾️ Auto Aikya Sync Wed Nov 12 14:45:21 IST 2025
 3 files changed, 30 insertions(+), 7 deletions(-)
 create mode 100755 aikya-autopilot.sh
 create mode 100644 autopilot.log
remote: This repository moved. Please use the new location:        
remote:   https://github.com/manender-coder/Aikya-autopilot-upload.git        
To https://github.com/manender-coder/aikya-autopilot-upload.git
   680ed37b..7ac242a7  main -> main

=== Deploying to 'aikya-spritual'...

i  deploying hosting
i  hosting[aikya-spritual]: beginning deploy...
i  hosting[aikya-spritual]: found 2 files in public
✔  hosting[aikya-spritual]: file upload complete
i  hosting[aikya-spritual]: finalizing version...
✔  hosting[aikya-spritual]: version finalized
i  hosting[aikya-spritual]: releasing new version...
✔  hosting[aikya-spritual]: release complete

✔  Deploy complete!

Project Console: https://console.firebase.google.com/project/aikya-spritual/overview
Hosting URL: https://aikya-spritual.web.app
eas.json is not valid.
- "submit.production.serviceAccountKeyPath" is not allowed
- "submit.production.track" is not allowed
    Error: build command failed.
/data/data/com.termux/files/home/aikya/aikya-autopilot.sh: line 9: gh-pages: command not found
----- ✅ Full Cycle Completed Wed Nov 12 14:45:47 IST 2025 -----
⚠️ WhatsApp failed, trying SMS...
✅ Notification cycle executed Wed Nov 12 14:53:28 IST 2025
----- 🌅 Wed Nov 12 18:00:00 IST 2025: Starting Eternal Aikya Autopilot -----
----- 🌅 Wed Nov 12 18:00:00 IST 2025: Starting Eternal Aikya Autopilot -----
From https://github.com/manender-coder/aikya-autopilot-upload
 * branch              main       -> FETCH_HEAD
Already up to date.
From https://github.com/manender-coder/aikya-autopilot-upload
 * branch              main       -> FETCH_HEAD
Already up to date.
fatal: Unable to create '/data/data/com.termux/files/home/aikya/.git/index.lock': File exists.

Another git process seems to be running in this repository, e.g.
an editor opened by 'git commit'. Please make sure all processes
are terminated then try again. If it still fails, a git process
may have crashed in this repository earlier:
remove the file manually to continue.
fatal: Unable to create '/data/data/com.termux/files/home/aikya/.git/index.lock': File exists.

Another git process seems to be running in this repository, e.g.
an editor opened by 'git commit'. Please make sure all processes
are terminated then try again. If it still fails, a git process
may have crashed in this repository earlier:
remove the file manually to continue.
Everything up-to-date
[main 7db7b6ad] ♾️ Auto Aikya Sync Wed Nov 12 18:00:11 IST 2025
 3 files changed, 113 insertions(+), 8 deletions(-)
 create mode 100755 aikya-notify.sh
remote: This repository moved. Please use the new location:        
remote:   https://github.com/manender-coder/Aikya-autopilot-upload.git        
To https://github.com/manender-coder/aikya-autopilot-upload.git
   7ac242a7..7db7b6ad  main -> main

=== Deploying to 'aikya-spritual'...

i  deploying hosting

=== Deploying to 'aikya-spritual'...

i  deploying hosting
i  hosting[aikya-spritual]: beginning deploy...
i  hosting[aikya-spritual]: found 2 files in public
i  hosting[aikya-spritual]: beginning deploy...
i  hosting[aikya-spritual]: found 2 files in public
i  hosting: upload complete
✔  hosting[aikya-spritual]: file upload complete
i  hosting[aikya-spritual]: finalizing version...
i  hosting: upload complete
✔  hosting[aikya-spritual]: file upload complete
i  hosting[aikya-spritual]: finalizing version...
✔  hosting[aikya-spritual]: version finalized
i  hosting[aikya-spritual]: releasing new version...
✔  hosting[aikya-spritual]: version finalized
i  hosting[aikya-spritual]: releasing new version...
✔  hosting[aikya-spritual]: release complete

✔  Deploy complete!

Project Console: https://console.firebase.google.com/project/aikya-spritual/overview
Hosting URL: https://aikya-spritual.web.app
✔  hosting[aikya-spritual]: release complete

✔  Deploy complete!

Project Console: https://console.firebase.google.com/project/aikya-spritual/overview
Hosting URL: https://aikya-spritual.web.app
eas.json is not valid.
- "submit.production.serviceAccountKeyPath" is not allowed
- "submit.production.track" is not allowed
eas.json is not valid.
- "submit.production.serviceAccountKeyPath" is not allowed
- "submit.production.track" is not allowed
    Error: build command failed.
    Error: build command failed.
⚠️ EAS build failed, retrying attempt 1...
⚠️ EAS build failed, retrying attempt 1...
eas.json is not valid.
- "submit.production.serviceAccountKeyPath" is not allowed
- "submit.production.track" is not allowed
eas.json is not valid.
- "submit.production.serviceAccountKeyPath" is not allowed
- "submit.production.track" is not allowed
    Error: build command failed.
    Error: build command failed.
⚠️ EAS build failed, retrying attempt 2...
⚠️ EAS build failed, retrying attempt 2...
eas.json is not valid.
- "submit.production.serviceAccountKeyPath" is not allowed
- "submit.production.track" is not allowed
eas.json is not valid.
- "submit.production.serviceAccountKeyPath" is not allowed
- "submit.production.track" is not allowed
    Error: build command failed.
    Error: build command failed.
⚠️ EAS build failed, retrying attempt 3...
⚠️ EAS build failed, retrying attempt 3...
Error: ENOENT: no such file or directory, stat '/data/data/com.termux/files/home/aikya/public'
    at Object.statSync (node:fs:1725:25)
    at Object.statSync (/data/data/com.termux/files/usr/lib/node_modules/gh-pages/node_modules/graceful-fs/polyfills.js:319:16)
    at Object.publish (/data/data/com.termux/files/usr/lib/node_modules/gh-pages/lib/index.js:98:13)
    at /data/data/com.termux/files/usr/lib/node_modules/gh-pages/bin/gh-pages.js:12:13
    at new Promise (<anonymous>)
    at publish (/data/data/com.termux/files/usr/lib/node_modules/gh-pages/bin/gh-pages.js:10:10)
    at /data/data/com.termux/files/usr/lib/node_modules/gh-pages/bin/gh-pages.js:142:12
Error: ENOENT: no such file or directory, stat '/data/data/com.termux/files/home/aikya/public'
    at Object.statSync (node:fs:1725:25)
    at Object.statSync (/data/data/com.termux/files/usr/lib/node_modules/gh-pages/node_modules/graceful-fs/polyfills.js:319:16)
    at Object.publish (/data/data/com.termux/files/usr/lib/node_modules/gh-pages/lib/index.js:98:13)
    at /data/data/com.termux/files/usr/lib/node_modules/gh-pages/bin/gh-pages.js:12:13
    at new Promise (<anonymous>)
    at publish (/data/data/com.termux/files/usr/lib/node_modules/gh-pages/bin/gh-pages.js:10:10)
    at /data/data/com.termux/files/usr/lib/node_modules/gh-pages/bin/gh-pages.js:142:12
sed: -e expression #1, char 6: unterminated `s' command
sed: -e expression #1, char 6: unterminated `s' command
ccuurrll::  ((33))  UURRLL  rreejjeecctteedd::  MMaallffoorrmmeedd  iinnppuutt  ttoo  aa  UURRLL  ffuunnccttiioonn

----- ✅ Full Cycle Completed Wed Nov 12 18:02:25 IST 2025 -----
----- ✅ Full Cycle Completed Wed Nov 12 18:02:25 IST 2025 -----
----- 🌅 Thu Nov 13 00:00:00 IST 2025: Starting Eternal Aikya Autopilot -----
----- 🌅 Thu Nov 13 00:00:00 IST 2025: Starting Eternal Aikya Autopilot -----
fatal: unable to access 'https://github.com/manender-coder/aikya-autopilot-upload.git/': Could not resolve host: github.com
fatal: unable to access 'https://github.com/manender-coder/aikya-autopilot-upload.git/': Could not resolve host: github.com
fatal: Unable to create '/data/data/com.termux/files/home/aikya/.git/index.lock': File exists.

Another git process seems to be running in this repository, e.g.
an editor opened by 'git commit'. Please make sure all processes
are terminated then try again. If it still fails, a git process
may have crashed in this repository earlier:
remove the file manually to continue.
fatal: Unable to create '/data/data/com.termux/files/home/aikya/.git/index.lock': File exists.

Another git process seems to be running in this repository, e.g.
an editor opened by 'git commit'. Please make sure all processes
are terminated then try again. If it still fails, a git process
may have crashed in this repository earlier:
remove the file manually to continue.
fatal: unable to access 'https://github.com/manender-coder/aikya-autopilot-upload.git/': Could not resolve host: github.com
[main 7a48dd39] ♾️ Auto Aikya Sync Thu Nov 13 00:00:05 IST 2025
 1 file changed, 112 insertions(+)
fatal: unable to access 'https://github.com/manender-coder/aikya-autopilot-upload.git/': Could not resolve host: github.com
Authentication Error: Your credentials are no longer valid. Please run firebase login --reauth

For CI servers and headless environments, generate a new token with firebase login:ci
Authentication Error: Your credentials are no longer valid. Please run firebase login --reauth

For CI servers and headless environments, generate a new token with firebase login:ci

Error: Assertion failed: resolving hosting target of a site with no site name or target name. This should have caused an error earlier
Authentication Error: Your credentials are no longer valid. Please run firebase login --reauth

For CI servers and headless environments, generate a new token with firebase login:ci
Authentication Error: Your credentials are no longer valid. Please run firebase login --reauth

For CI servers and headless environments, generate a new token with firebase login:ci

Error: Assertion failed: resolving hosting target of a site with no site name or target name. This should have caused an error earlier

request to https://api.expo.dev/graphql failed, reason: getaddrinfo ENOTFOUND api.expo.dev
    Error: GraphQL request failed.
⚠️ EAS build failed, retrying attempt 1...

request to https://api.expo.dev/graphql failed, reason: getaddrinfo ENOTFOUND api.expo.dev
    Error: GraphQL request failed.
⚠️ EAS build failed, retrying attempt 1...

request to https://api.expo.dev/graphql failed, reason: getaddrinfo ENOTFOUND api.expo.dev
    Error: GraphQL request failed.
⚠️ EAS build failed, retrying attempt 2...

request to https://api.expo.dev/graphql failed, reason: getaddrinfo ENOTFOUND api.expo.dev
    Error: GraphQL request failed.
⚠️ EAS build failed, retrying attempt 2...

request to https://api.expo.dev/graphql failed, reason: getaddrinfo ENOTFOUND api.expo.dev
    Error: GraphQL request failed.
⚠️ EAS build failed, retrying attempt 3...

request to https://api.expo.dev/graphql failed, reason: getaddrinfo ENOTFOUND api.expo.dev
    Error: GraphQL request failed.
⚠️ EAS build failed, retrying attempt 3...
Error: ENOENT: no such file or directory, stat '/data/data/com.termux/files/home/aikya/public'
    at Object.statSync (node:fs:1725:25)
    at Object.statSync (/data/data/com.termux/files/usr/lib/node_modules/gh-pages/node_modules/graceful-fs/polyfills.js:319:16)
    at Object.publish (/data/data/com.termux/files/usr/lib/node_modules/gh-pages/lib/index.js:98:13)
    at /data/data/com.termux/files/usr/lib/node_modules/gh-pages/bin/gh-pages.js:12:13
    at new Promise (<anonymous>)
    at publish (/data/data/com.termux/files/usr/lib/node_modules/gh-pages/bin/gh-pages.js:10:10)
    at /data/data/com.termux/files/usr/lib/node_modules/gh-pages/bin/gh-pages.js:142:12
sed: -e expression #1, char 6: unterminated `s' command
curl: (3) URL rejected: Malformed input to a URL function
----- ✅ Full Cycle Completed Thu Nov 13 00:02:02 IST 2025 -----
----- ✅ Full Cycle Completed Thu Nov 13 00:02:03 IST 2025 -----
----- 🌅 Thu Nov 13 06:00:01 IST 2025: Starting Eternal Aikya Autopilot -----
----- 🌅 Thu Nov 13 06:00:01 IST 2025: Starting Eternal Aikya Autopilot -----
----- 🌅 Thu Nov 13 06:00:01 IST 2025: Starting Eternal Aikya Autopilot -----
----- 🌅 Thu Nov 13 06:00:01 IST 2025: Starting Eternal Aikya Autopilot -----
From https://github.com/manender-coder/aikya-autopilot-upload
 * branch              main       -> FETCH_HEAD
From https://github.com/manender-coder/aikya-autopilot-upload
 * branch              main       -> FETCH_HEAD
From https://github.com/manender-coder/aikya-autopilot-upload
 * branch              main       -> FETCH_HEAD
From https://github.com/manender-coder/aikya-autopilot-upload
 * branch              main       -> FETCH_HEAD
Already up to date.
Already up to date.
Already up to date.
fatal: Unable to create '/data/data/com.termux/files/home/aikya/.git/index.lock': File exists.

Another git process seems to be running in this repository, e.g.
an editor opened by 'git commit'. Please make sure all processes
are terminated then try again. If it still fails, a git process
may have crashed in this repository earlier:
remove the file manually to continue.
Already up to date.
fatal: Unable to create '/data/data/com.termux/files/home/aikya/.git/index.lock': File exists.

Another git process seems to be running in this repository, e.g.
an editor opened by 'git commit'. Please make sure all processes
are terminated then try again. If it still fails, a git process
may have crashed in this repository earlier:
remove the file manually to continue.
fatal: Unable to create '/data/data/com.termux/files/home/aikya/.git/index.lock': File exists.

Another git process seems to be running in this repository, e.g.
an editor opened by 'git commit'. Please make sure all processes
are terminated then try again. If it still fails, a git process
may have crashed in this repository earlier:
remove the file manually to continue.
fatal: Unable to create '/data/data/com.termux/files/home/aikya/.git/index.lock': File exists.

Another git process seems to be running in this repository, e.g.
an editor opened by 'git commit'. Please make sure all processes
are terminated then try again. If it still fails, a git process
may have crashed in this repository earlier:
remove the file manually to continue.
fatal: Unable to create '/data/data/com.termux/files/home/aikya/.git/index.lock': File exists.

Another git process seems to be running in this repository, e.g.
an editor opened by 'git commit'. Please make sure all processes
are terminated then try again. If it still fails, a git process
may have crashed in this repository earlier:
remove the file manually to continue.
fatal: Unable to create '/data/data/com.termux/files/home/aikya/.git/index.lock': File exists.

Another git process seems to be running in this repository, e.g.
an editor opened by 'git commit'. Please make sure all processes
are terminated then try again. If it still fails, a git process
may have crashed in this repository earlier:
remove the file manually to continue.
[main d95acc8d] ♾️ Auto Aikya Sync Thu Nov 13 06:00:07 IST 2025
 2 files changed, 187 insertions(+)
 create mode 100644 firebase-debug.log
remote: This repository moved. Please use the new location:        
remote:   https://github.com/manender-coder/Aikya-autopilot-upload.git        
remote: This repository moved. Please use the new location:        
remote:   https://github.com/manender-coder/Aikya-autopilot-upload.git        
remote: This repository moved. Please use the new location:        
remote:   https://github.com/manender-coder/Aikya-autopilot-upload.git        
To https://github.com/manender-coder/aikya-autopilot-upload.git
To https://github.com/manender-coder/aikya-autopilot-upload.git
 ! [remote rejected]    ! [remote rejected]   main -> mainmain -> main ( (cannot lock ref 'refs/heads/main': is at d95acc8d302f8d57508044789c335ef018a27cb1 but expected 7db7b6ad7f20b6133e3c4bfc97ee61d844bdf923cannot lock ref 'refs/heads/main': is at d95acc8d302f8d57508044789c335ef018a27cb1 but expected 7db7b6ad7f20b6133e3c4bfc97ee61d844bdf923))

error: failed to push some refs to 'https://github.com/manender-coder/aikya-autopilot-upload.git'
error: failed to push some refs to 'https://github.com/manender-coder/aikya-autopilot-upload.git'
To https://github.com/manender-coder/aikya-autopilot-upload.git
   7db7b6ad..7a48dd39  main -> main
remote: This repository moved. Please use the new location:        
remote:   https://github.com/manender-coder/Aikya-autopilot-upload.git        
To https://github.com/manender-coder/aikya-autopilot-upload.git
 ! [remote rejected]   main -> main (cannot lock ref 'refs/heads/main': is at d95acc8d302f8d57508044789c335ef018a27cb1 but expected 7db7b6ad7f20b6133e3c4bfc97ee61d844bdf923)
error: failed to push some refs to 'https://github.com/manender-coder/aikya-autopilot-upload.git'


=== Deploying to 'aikya-spritual'...

i  deploying hosting

=== Deploying to 'aikya-spritual'...


=== Deploying to 'aikya-spritual'...
i  deploying hosting

i  deploying hosting
=== Deploying to 'aikya-spritual'...

i  deploying hosting
i  hosting[aikya-spritual]: beginning deploy...
i  hosting[aikya-spritual]: beginning deploy...
i  hosting[aikya-spritual]: found 2 files in public
i  hosting[aikya-spritual]: found 2 files in public
i  hosting[aikya-spritual]: beginning deploy...
i  hosting[aikya-spritual]: beginning deploy...
i  hosting[aikya-spritual]: found 2 files in public
i  hosting[aikya-spritual]: found 2 files in public
i  hosting: upload complete
i  hosting: upload complete
✔  hosting[aikya-spritual]: file upload complete
✔  hosting[aikya-spritual]: file upload complete
i  hosting[aikya-spritual]: finalizing version...
i  hosting[aikya-spritual]: finalizing version...
i  hosting: upload complete
✔  hosting[aikya-spritual]: file upload complete
i  hosting[aikya-spritual]: finalizing version...
i  hosting: upload complete
✔  hosting[aikya-spritual]: file upload complete
i  hosting[aikya-spritual]: finalizing version...
✔  hosting[aikya-spritual]: version finalized
i  hosting[aikya-spritual]: releasing new version...
✔  hosting[aikya-spritual]: version finalized
i  hosting[aikya-spritual]: releasing new version...
✔  hosting[aikya-spritual]: version finalized
i  hosting[aikya-spritual]: releasing new version...
✔  hosting[aikya-spritual]: version finalized
i  hosting[aikya-spritual]: releasing new version...
✔  hosting[aikya-spritual]: release complete

✔  Deploy complete!

Project Console: https://console.firebase.google.com/project/aikya-spritual/overview
Hosting URL: https://aikya-spritual.web.app
✔  hosting[aikya-spritual]: release complete

✔  Deploy complete!

Project Console: https://console.firebase.google.com/project/aikya-spritual/overview
Hosting URL: https://aikya-spritual.web.app
✔  hosting[aikya-spritual]: release complete

✔  Deploy complete!

Project Console: https://console.firebase.google.com/project/aikya-spritual/overview
Hosting URL: https://aikya-spritual.web.app
✔  hosting[aikya-spritual]: release complete

✔  Deploy complete!

Project Console: https://console.firebase.google.com/project/aikya-spritual/overview
Hosting URL: https://aikya-spritual.web.app
eas.json is not valid.
- "submit.production.serviceAccountKeyPath" is not allowed
- "submit.production.track" is not allowed
eas.json is not valid.
- "submit.production.serviceAccountKeyPath" is not allowed
- "submit.production.track" is not allowed
eas.json is not valid.
- "submit.production.serviceAccountKeyPath" is not allowed
- "submit.production.track" is not allowed
eas.json is not valid.
- "submit.production.serviceAccountKeyPath" is not allowed
- "submit.production.track" is not allowed
    Error: build command failed.
    Error: build command failed.
⚠️ EAS build failed, retrying attempt 1...
⚠️ EAS build failed, retrying attempt 1...
    Error: build command failed.
⚠️ EAS build failed, retrying attempt 1...
    Error: build command failed.
⚠️ EAS build failed, retrying attempt 1...
eas.json is not valid.
- "submit.production.serviceAccountKeyPath" is not allowed
- "submit.production.track" is not allowed
eas.json is not valid.
- "submit.production.serviceAccountKeyPath" is not allowed
- "submit.production.track" is not allowed
    Error: build command failed.
⚠️ EAS build failed, retrying attempt 2...
    Error: build command failed.
⚠️ EAS build failed, retrying attempt 2...
eas.json is not valid.
- "submit.production.serviceAccountKeyPath" is not allowed
- "submit.production.track" is not allowed
    Error: build command failed.
⚠️ EAS build failed, retrying attempt 2...
eas.json is not valid.
- "submit.production.serviceAccountKeyPath" is not allowed
- "submit.production.track" is not allowed
    Error: build command failed.
⚠️ EAS build failed, retrying attempt 2...
eas.json is not valid.
- "submit.production.serviceAccountKeyPath" is not allowed
- "submit.production.track" is not allowed
    Error: build command failed.
⚠️ EAS build failed, retrying attempt 3...
eas.json is not valid.
- "submit.production.serviceAccountKeyPath" is not allowed
- "submit.production.track" is not allowed
    Error: build command failed.
eas.json is not valid.
- "submit.production.serviceAccountKeyPath" is not allowed
- "submit.production.track" is not allowed
⚠️ EAS build failed, retrying attempt 3...
    Error: build command failed.
⚠️ EAS build failed, retrying attempt 3...
eas.json is not valid.
- "submit.production.serviceAccountKeyPath" is not allowed
- "submit.production.track" is not allowed
    Error: build command failed.
⚠️ EAS build failed, retrying attempt 3...
Error: ENOENT: no such file or directory, stat '/data/data/com.termux/files/home/aikya/public'
    at Object.statSync (node:fs:1725:25)
    at Object.statSync (/data/data/com.termux/files/usr/lib/node_modules/gh-pages/node_modules/graceful-fs/polyfills.js:319:16)
    at Object.publish (/data/data/com.termux/files/usr/lib/node_modules/gh-pages/lib/index.js:98:13)
    at /data/data/com.termux/files/usr/lib/node_modules/gh-pages/bin/gh-pages.js:12:13
    at new Promise (<anonymous>)
    at publish (/data/data/com.termux/files/usr/lib/node_modules/gh-pages/bin/gh-pages.js:10:10)
    at /data/data/com.termux/files/usr/lib/node_modules/gh-pages/bin/gh-pages.js:142:12
sed: -e expression #1, char 6: unterminated `s' command
curl: (3) URL rejected: Malformed input to a URL function
----- ✅ Full Cycle Completed Thu Nov 13 06:02:21 IST 2025 -----
Error: ENOENT: no such file or directory, stat '/data/data/com.termux/files/home/aikya/public'
    at Object.statSync (node:fs:1725:25)
    at Object.statSync (/data/data/com.termux/files/usr/lib/node_modules/gh-pages/node_modules/graceful-fs/polyfills.js:319:16)
    at Object.publish (/data/data/com.termux/files/usr/lib/node_modules/gh-pages/lib/index.js:98:13)
    at /data/data/com.termux/files/usr/lib/node_modules/gh-pages/bin/gh-pages.js:12:13
    at new Promise (<anonymous>)
    at publish (/data/data/com.termux/files/usr/lib/node_modules/gh-pages/bin/gh-pages.js:10:10)
    at /data/data/com.termux/files/usr/lib/node_modules/gh-pages/bin/gh-pages.js:142:12
----- ✅ Full Cycle Completed Thu Nov 13 06:02:22 IST 2025 -----
Error: ENOENT: no such file or directory, stat '/data/data/com.termux/files/home/aikya/public'
    at Object.statSync (node:fs:1725:25)
    at Object.statSync (/data/data/com.termux/files/usr/lib/node_modules/gh-pages/node_modules/graceful-fs/polyfills.js:319:16)
    at Object.publish (/data/data/com.termux/files/usr/lib/node_modules/gh-pages/lib/index.js:98:13)
    at /data/data/com.termux/files/usr/lib/node_modules/gh-pages/bin/gh-pages.js:12:13
    at new Promise (<anonymous>)
    at publish (/data/data/com.termux/files/usr/lib/node_modules/gh-pages/bin/gh-pages.js:10:10)
    at /data/data/com.termux/files/usr/lib/node_modules/gh-pages/bin/gh-pages.js:142:12
----- ✅ Full Cycle Completed Thu Nov 13 06:02:23 IST 2025 -----
Error: ENOENT: no such file or directory, stat '/data/data/com.termux/files/home/aikya/public'
    at Object.statSync (node:fs:1725:25)
    at Object.statSync (/data/data/com.termux/files/usr/lib/node_modules/gh-pages/node_modules/graceful-fs/polyfills.js:319:16)
    at Object.publish (/data/data/com.termux/files/usr/lib/node_modules/gh-pages/lib/index.js:98:13)
    at /data/data/com.termux/files/usr/lib/node_modules/gh-pages/bin/gh-pages.js:12:13
    at new Promise (<anonymous>)
    at publish (/data/data/com.termux/files/usr/lib/node_modules/gh-pages/bin/gh-pages.js:10:10)
    at /data/data/com.termux/files/usr/lib/node_modules/gh-pages/bin/gh-pages.js:142:12
----- ✅ Full Cycle Completed Thu Nov 13 06:02:24 IST 2025 -----
----- 🌅 Thu Nov 13 12:00:00 IST 2025: Starting Eternal Aikya Autopilot -----
----- 🌅 Thu Nov 13 12:00:00 IST 2025: Starting Eternal Aikya Autopilot -----
From https://github.com/manender-coder/aikya-autopilot-upload
 * branch              main       -> FETCH_HEAD
   7a48dd39..d95acc8d  main       -> origin/main
From https://github.com/manender-coder/aikya-autopilot-upload
 * branch              main       -> FETCH_HEAD
   7a48dd39..d95acc8d  main       -> origin/main
error: fetching ref refs/remotes/origin/main failed: incorrect old value provided
Already up to date.
fatal: Unable to create '/data/data/com.termux/files/home/aikya/.git/index.lock': File exists.

Another git process seems to be running in this repository, e.g.
an editor opened by 'git commit'. Please make sure all processes
are terminated then try again. If it still fails, a git process
may have crashed in this repository earlier:
remove the file manually to continue.
fatal: Unable to create '/data/data/com.termux/files/home/aikya/.git/index.lock': File exists.

Another git process seems to be running in this repository, e.g.
an editor opened by 'git commit'. Please make sure all processes
are terminated then try again. If it still fails, a git process
may have crashed in this repository earlier:
remove the file manually to continue.
Everything up-to-date
[main da2daef3] ♾️ Auto Aikya Sync Thu Nov 13 12:00:07 IST 2025
 2 files changed, 213 insertions(+), 74 deletions(-)
 delete mode 100644 firebase-debug.log
remote: This repository moved. Please use the new location:        
remote:   https://github.com/manender-coder/Aikya-autopilot-upload.git        
To https://github.com/manender-coder/aikya-autopilot-upload.git
   d95acc8d..da2daef3  main -> main

=== Deploying to 'aikya-spritual'...


i  deploying hosting
=== Deploying to 'aikya-spritual'...

i  deploying hosting
i  hosting[aikya-spritual]: beginning deploy...
i  hosting[aikya-spritual]: found 2 files in public
i  hosting[aikya-spritual]: beginning deploy...
i  hosting[aikya-spritual]: found 2 files in public
i  hosting: upload complete
✔  hosting[aikya-spritual]: file upload complete
i  hosting[aikya-spritual]: finalizing version...
i  hosting: upload complete
✔  hosting[aikya-spritual]: file upload complete
i  hosting[aikya-spritual]: finalizing version...
✔  hosting[aikya-spritual]: version finalized
i  hosting[aikya-spritual]: releasing new version...
✔  hosting[aikya-spritual]: version finalized
i  hosting[aikya-spritual]: releasing new version...
✔  hosting[aikya-spritual]: release complete

✔  Deploy complete!

Project Console: https://console.firebase.google.com/project/aikya-spritual/overview
Hosting URL: https://aikya-spritual.web.app
✔  hosting[aikya-spritual]: release complete

✔  Deploy complete!

Project Console: https://console.firebase.google.com/project/aikya-spritual/overview
Hosting URL: https://aikya-spritual.web.app
eas.json is not valid.
- "submit.production.serviceAccountKeyPath" is not allowed
- "submit.production.track" is not allowed
eas.json is not valid.
- "submit.production.serviceAccountKeyPath" is not allowed
- "submit.production.track" is not allowed
    Error: build command failed.
    Error: build command failed.
⚠️ EAS build failed, retrying attempt 1...
⚠️ EAS build failed, retrying attempt 1...
eas.json is not valid.
- "submit.production.serviceAccountKeyPath" is not allowed
- "submit.production.track" is not allowed
eas.json is not valid.
- "submit.production.serviceAccountKeyPath" is not allowed
- "submit.production.track" is not allowed
    Error: build command failed.
⚠️ EAS build failed, retrying attempt 2...
    Error: build command failed.
⚠️ EAS build failed, retrying attempt 2...
eas.json is not valid.
- "submit.production.serviceAccountKeyPath" is not allowed
- "submit.production.track" is not allowed
eas.json is not valid.
- "submit.production.serviceAccountKeyPath" is not allowed
- "submit.production.track" is not allowed
    Error: build command failed.
    Error: build command failed.
⚠️ EAS build failed, retrying attempt 3...
⚠️ EAS build failed, retrying attempt 3...
Error: ENOENT: no such file or directory, stat '/data/data/com.termux/files/home/aikya/public'
    at Object.statSync (node:fs:1725:25)
    at Object.statSync (/data/data/com.termux/files/usr/lib/node_modules/gh-pages/node_modules/graceful-fs/polyfills.js:319:16)
    at Object.publish (/data/data/com.termux/files/usr/lib/node_modules/gh-pages/lib/index.js:98:13)
    at /data/data/com.termux/files/usr/lib/node_modules/gh-pages/bin/gh-pages.js:12:13
    at new Promise (<anonymous>)
    at publish (/data/data/com.termux/files/usr/lib/node_modules/gh-pages/bin/gh-pages.js:10:10)
    at /data/data/com.termux/files/usr/lib/node_modules/gh-pages/bin/gh-pages.js:142:12
Error: ENOENT: no such file or directory, stat '/data/data/com.termux/files/home/aikya/public'
    at Object.statSync (node:fs:1725:25)
    at Object.statSync (/data/data/com.termux/files/usr/lib/node_modules/gh-pages/node_modules/graceful-fs/polyfills.js:319:16)
    at Object.publish (/data/data/com.termux/files/usr/lib/node_modules/gh-pages/lib/index.js:98:13)
    at /data/data/com.termux/files/usr/lib/node_modules/gh-pages/bin/gh-pages.js:12:13
    at new Promise (<anonymous>)
    at publish (/data/data/com.termux/files/usr/lib/node_modules/gh-pages/bin/gh-pages.js:10:10)
    at /data/data/com.termux/files/usr/lib/node_modules/gh-pages/bin/gh-pages.js:142:12
sed: -e expression #1, char 6: unterminated `s' command
sed: -e expression #1, char 6: unterminated `s' command
ccuurrll::  ((33))  UURRLL  rreejjeecctteedd::  MMaallffoorrmmeedd  iinnppuutt  ttoo  aa  UURRLL  ffuunnccttiioonn

----- ✅ Full Cycle Completed Thu Nov 13 12:02:15 IST 2025 -----
----- ✅ Full Cycle Completed Thu Nov 13 12:02:15 IST 2025 -----
----- 🌅 Thu Nov 13 18:00:00 IST 2025: Starting Eternal Aikya Autopilot -----
----- 🌅 Thu Nov 13 18:00:00 IST 2025: Starting Eternal Aikya Autopilot -----
From https://github.com/manender-coder/aikya-autopilot-upload
 * branch              main       -> FETCH_HEAD
From https://github.com/manender-coder/aikya-autopilot-upload
 * branch              main       -> FETCH_HEAD
Already up to date.
Already up to date.
fatal: Unable to create '/data/data/com.termux/files/home/aikya/.git/index.lock': File exists.

Another git process seems to be running in this repository, e.g.
an editor opened by 'git commit'. Please make sure all processes
are terminated then try again. If it still fails, a git process
may have crashed in this repository earlier:
remove the file manually to continue.
fatal: Unable to create '/data/data/com.termux/files/home/aikya/.git/index.lock': File exists.

Another git process seems to be running in this repository, e.g.
an editor opened by 'git commit'. Please make sure all processes
are terminated then try again. If it still fails, a git process
may have crashed in this repository earlier:
remove the file manually to continue.
