[HealthCheck] Run at Sat Nov 15 09:40:00 IST 2025
[HealthCheck] Autopilot not running — restarting
[HealthCheck] Done
[HealthCheck] Run at Sat Nov 15 09:50:00 IST 2025
[HealthCheck] Autopilot not running — restarting
[HealthCheck] Done
[HealthCheck] Run at Sat Nov 15 10:00:00 IST 2025
[HealthCheck] Done
[HealthCheck] Run at Sat Nov 15 10:10:00 IST 2025
[HealthCheck] Autopilot not running — restarting
[HealthCheck] Done
nohup: ignoring input
nohup: ignoring input
[2025-11-17 12:10:27] 🏥 Running Health Engine
[2025-11-17 12:10:27] 🟢 Health OK
nohup: ignoring input
[2025-11-17 12:14:59] Health run
[2025-11-17 12:14:59] Health run
[2025-11-17 12:14:59] Health done
[2025-11-17 12:14:59] Health done
nohup: ignoring input
[HealthCheck] Run at Mon Nov 17 12:16:15 IST 2025
[HealthCheck] Autopilot not running — restarting
[HealthCheck] Done
